// Jest Snapshot v1, https://goo.gl/fbAQLP

exports[`Row details page renders correctly 1`] = `
<div
  style={
    Object {
      "margin": "20px",
    }
  }
>
  <div>
    <pre
      role="json-data"
    />
  </div>
  <div>
    <button
      className="MuiButton-root MuiButton-text MuiButton-textPrimary MuiButton-sizeMedium MuiButton-textSizeMedium MuiButtonBase-root  css-1e6y48t-MuiButtonBase-root-MuiButton-root"
      disabled={false}
      onBlur={[Function]}
      onClick={[Function]}
      onContextMenu={[Function]}
      onDragLeave={[Function]}
      onFocus={[Function]}
      onKeyDown={[Function]}
      onKeyUp={[Function]}
      onMouseDown={[Function]}
      onMouseLeave={[Function]}
      onMouseUp={[Function]}
      onTouchEnd={[Function]}
      onTouchMove={[Function]}
      onTouchStart={[Function]}
      role="back-button"
      tabIndex={0}
      type="button"
    >
      GO BACK
    </button>
  </div>
</div>
`;
